mode: set
github.com/alekslesik/telegram-bot-simple/internal/bot/handlers.go:47.61,66.2 1 1
github.com/alekslesik/telegram-bot-simple/internal/bot/handlers.go:68.53,87.2 1 1
github.com/alekslesik/telegram-bot-simple/internal/bot/handlers.go:117.26,117.42 1 1
github.com/alekslesik/telegram-bot-simple/internal/bot/handlers.go:131.30,135.2 3 1
github.com/alekslesik/telegram-bot-simple/internal/bot/handlers.go:137.56,142.48 1 1
github.com/alekslesik/telegram-bot-simple/internal/bot/handlers.go:142.48,150.5 1 1
github.com/alekslesik/telegram-bot-simple/internal/bot/handlers.go:155.48,157.5 1 1
github.com/alekslesik/telegram-bot-simple/internal/bot/handlers.go:163.48,171.5 1 1
github.com/alekslesik/telegram-bot-simple/internal/bot/handlers.go:177.48,186.5 1 1
github.com/alekslesik/telegram-bot-simple/internal/bot/handlers.go:192.48,194.5 1 1
github.com/alekslesik/telegram-bot-simple/internal/bot/handlers.go:199.48,201.5 1 1
github.com/alekslesik/telegram-bot-simple/internal/bot/handlers.go:206.50,208.19 2 1
github.com/alekslesik/telegram-bot-simple/internal/bot/handlers.go:208.19,210.6 1 1
github.com/alekslesik/telegram-bot-simple/internal/bot/handlers.go:211.5,211.16 1 1
github.com/alekslesik/telegram-bot-simple/internal/bot/handlers.go:216.2,220.47 1 1
github.com/alekslesik/telegram-bot-simple/internal/bot/handlers.go:220.47,227.31 3 1
github.com/alekslesik/telegram-bot-simple/internal/bot/handlers.go:227.31,230.25 3 1
github.com/alekslesik/telegram-bot-simple/internal/bot/handlers.go:230.25,232.6 1 1
github.com/alekslesik/telegram-bot-simple/internal/bot/handlers.go:233.5,233.55 1 1
github.com/alekslesik/telegram-bot-simple/internal/bot/handlers.go:236.4,237.36 2 1
github.com/alekslesik/telegram-bot-simple/internal/bot/handlers.go:241.2,241.17 1 1
github.com/alekslesik/telegram-bot-simple/internal/bot/handlers.go:244.56,247.21 2 1
github.com/alekslesik/telegram-bot-simple/internal/bot/handlers.go:247.21,250.3 2 1
github.com/alekslesik/telegram-bot-simple/internal/bot/handlers.go:252.2,252.68 1 1
github.com/alekslesik/telegram-bot-simple/internal/bot/handlers.go:252.68,255.3 2 1
github.com/alekslesik/telegram-bot-simple/internal/bot/handlers.go:257.2,259.45 3 1
github.com/alekslesik/telegram-bot-simple/internal/bot/handlers.go:259.45,261.3 1 1
github.com/alekslesik/telegram-bot-simple/internal/bot/handlers.go:264.56,267.2 2 1
github.com/alekslesik/telegram-bot-simple/internal/bot/handlers.go:269.89,271.9 2 1
github.com/alekslesik/telegram-bot-simple/internal/bot/handlers.go:271.9,274.46 3 1
github.com/alekslesik/telegram-bot-simple/internal/bot/handlers.go:274.46,276.4 1 1
github.com/alekslesik/telegram-bot-simple/internal/bot/handlers.go:277.3,277.9 1 1
github.com/alekslesik/telegram-bot-simple/internal/bot/handlers.go:280.2,281.25 2 1
github.com/alekslesik/telegram-bot-simple/internal/bot/handlers.go:281.25,283.3 1 1
github.com/alekslesik/telegram-bot-simple/internal/bot/handlers.go:284.2,284.23 1 1
github.com/alekslesik/telegram-bot-simple/internal/bot/handlers.go:284.23,287.3 2 1
github.com/alekslesik/telegram-bot-simple/internal/bot/handlers.go:287.8,289.3 1 1
github.com/alekslesik/telegram-bot-simple/internal/bot/handlers.go:290.2,290.45 1 1
github.com/alekslesik/telegram-bot-simple/internal/bot/handlers.go:290.45,292.3 1 1
github.com/alekslesik/telegram-bot-simple/internal/bot/handlers.go:296.61,297.34 1 1
github.com/alekslesik/telegram-bot-simple/internal/bot/handlers.go:297.34,299.3 1 1
github.com/alekslesik/telegram-bot-simple/internal/bot/handlers.go:300.2,301.38 2 1
github.com/alekslesik/telegram-bot-simple/internal/bot/handlers.go:301.38,302.74 1 1
github.com/alekslesik/telegram-bot-simple/internal/bot/handlers.go:302.74,304.4 1 1
github.com/alekslesik/telegram-bot-simple/internal/bot/handlers.go:305.3,305.9 1 1
github.com/alekslesik/telegram-bot-simple/internal/bot/handlers.go:307.2,308.73 2 1
github.com/alekslesik/telegram-bot-simple/internal/bot/handlers.go:308.73,310.3 1 1
github.com/alekslesik/telegram-bot-simple/internal/bot/handlers.go:311.2,315.54 2 1
github.com/alekslesik/telegram-bot-simple/internal/logging/logging.go:12.57,14.2 1 1
github.com/alekslesik/telegram-bot-simple/internal/logging/logging.go:22.32,24.2 1 1
github.com/alekslesik/telegram-bot-simple/internal/logging/logging.go:27.46,29.75 2 1
github.com/alekslesik/telegram-bot-simple/internal/logging/logging.go:29.75,31.3 1 1
github.com/alekslesik/telegram-bot-simple/internal/logging/logging.go:33.2,34.16 2 1
github.com/alekslesik/telegram-bot-simple/internal/logging/logging.go:34.16,36.3 1 1
github.com/alekslesik/telegram-bot-simple/internal/logging/logging.go:38.2,38.58 1 1
github.com/alekslesik/telegram-bot-simple/internal/logging/logging.go:38.58,39.28 1 1
github.com/alekslesik/telegram-bot-simple/internal/logging/logging.go:39.28,40.46 1 1
github.com/alekslesik/telegram-bot-simple/internal/logging/logging.go:40.46,42.5 1 1
github.com/alekslesik/telegram-bot-simple/internal/logging/logging.go:44.3,44.11 1 1
github.com/alekslesik/telegram-bot-simple/internal/logging/logging.go:47.2,53.22 3 1
github.com/alekslesik/telegram-bot-simple/internal/logging/logging.go:53.22,55.3 1 1
github.com/alekslesik/telegram-bot-simple/internal/logging/logging.go:56.2,56.47 1 1
github.com/alekslesik/telegram-bot-simple/internal/telegram/telegram.go:15.52,17.2 1 0
github.com/alekslesik/telegram-bot-simple/internal/telegram/telegram.go:19.50,21.2 1 1
github.com/alekslesik/telegram-bot-simple/internal/telegram/telegram.go:24.92,26.2 1 1
github.com/alekslesik/telegram-bot-simple/cmd/bot/main.go:25.55,27.2 1 1
github.com/alekslesik/telegram-bot-simple/cmd/bot/main.go:30.41,31.57 1 1
github.com/alekslesik/telegram-bot-simple/cmd/bot/main.go:31.57,32.55 1 1
github.com/alekslesik/telegram-bot-simple/cmd/bot/main.go:32.55,34.4 1 1
github.com/alekslesik/telegram-bot-simple/cmd/bot/main.go:35.3,35.41 1 1
github.com/alekslesik/telegram-bot-simple/cmd/bot/main.go:37.2,37.61 1 1
github.com/alekslesik/telegram-bot-simple/cmd/bot/main.go:37.61,38.55 1 0
github.com/alekslesik/telegram-bot-simple/cmd/bot/main.go:38.55,40.4 1 0
github.com/alekslesik/telegram-bot-simple/cmd/bot/main.go:41.3,41.41 1 0
github.com/alekslesik/telegram-bot-simple/cmd/bot/main.go:43.2,43.12 1 1
github.com/alekslesik/telegram-bot-simple/cmd/bot/main.go:46.62,47.28 1 1
github.com/alekslesik/telegram-bot-simple/cmd/bot/main.go:47.28,50.3 2 1
github.com/alekslesik/telegram-bot-simple/cmd/bot/main.go:51.2,51.22 1 1
github.com/alekslesik/telegram-bot-simple/cmd/bot/main.go:51.22,53.3 1 1
github.com/alekslesik/telegram-bot-simple/cmd/bot/main.go:54.2,54.28 1 1
github.com/alekslesik/telegram-bot-simple/cmd/bot/main.go:57.69,58.20 1 1
github.com/alekslesik/telegram-bot-simple/cmd/bot/main.go:58.20,63.3 1 1
github.com/alekslesik/telegram-bot-simple/cmd/bot/main.go:63.8,67.3 1 1
github.com/alekslesik/telegram-bot-simple/cmd/bot/main.go:80.67,81.62 1 1
github.com/alekslesik/telegram-bot-simple/cmd/bot/main.go:81.62,83.3 1 1
github.com/alekslesik/telegram-bot-simple/cmd/bot/main.go:86.28,88.2 1 1
github.com/alekslesik/telegram-bot-simple/cmd/bot/main.go:90.35,92.2 1 1
github.com/alekslesik/telegram-bot-simple/cmd/bot/main.go:94.57,105.2 1 1
github.com/alekslesik/telegram-bot-simple/cmd/bot/main.go:107.13,119.17 5 0
github.com/alekslesik/telegram-bot-simple/cmd/bot/main.go:119.17,121.3 1 0
github.com/alekslesik/telegram-bot-simple/cmd/bot/main.go:123.2,126.16 3 0
github.com/alekslesik/telegram-bot-simple/cmd/bot/main.go:126.16,128.3 1 0
github.com/alekslesik/telegram-bot-simple/cmd/bot/main.go:130.2,149.6 10 0
github.com/alekslesik/telegram-bot-simple/cmd/bot/main.go:149.6,150.10 1 0
github.com/alekslesik/telegram-bot-simple/cmd/bot/main.go:151.28,152.35 1 0
github.com/alekslesik/telegram-bot-simple/cmd/bot/main.go:154.22,156.10 2 0
